Archive member included because of file (symbol)

c:/winavr-20100110/bin/../lib/gcc/avr/4.3.3/avr5\libgcc.a(_udivmodsi4.o)
                              ./uart.o (__udivmodsi4)
c:/winavr-20100110/bin/../lib/gcc/avr/4.3.3/avr5\libgcc.a(_exit.o)
                              c:/winavr-20100110/bin/../lib/gcc/avr/4.3.3/../../../../avr/lib/avr5/crtm16.o (exit)
c:/winavr-20100110/bin/../lib/gcc/avr/4.3.3/avr5\libgcc.a(_copy_data.o)
                              ./Main_App.o (__do_copy_data)
c:/winavr-20100110/bin/../lib/gcc/avr/4.3.3/avr5\libgcc.a(_clear_bss.o)
                              ./Main_App.o (__do_clear_bss)
c:/winavr-20100110/bin/../lib/gcc/avr/4.3.3/../../../../avr/lib/avr5\libc.a(memcpy.o)
                              ./Main_App.o (memcpy)
c:/winavr-20100110/bin/../lib/gcc/avr/4.3.3/../../../../avr/lib/avr5\libc.a(strcmp.o)
                              ./Main_App.o (strcmp)

Allocating common symbols
Common symbol       size              file

password_real       0xa               ./Main_App.o
password_received   0xa               ./Main_App.o
TWI_config          0x2               ./twi.o
UART_config         0x7               ./uart.o
TIMER0_config       0x6               ./timer.o

Memory Configuration

Name             Origin             Length             Attributes
text             0x00000000         0x00020000         xr
data             0x00800060         0x0000ffa0         rw !x
eeprom           0x00810000         0x00010000         rw !x
fuse             0x00820000         0x00000400         rw !x
lock             0x00830000         0x00000400         rw !x
signature        0x00840000         0x00000400         rw !x
*default*        0x00000000         0xffffffff

Linker script and memory map

LOAD c:/winavr-20100110/bin/../lib/gcc/avr/4.3.3/../../../../avr/lib/avr5/crtm16.o
LOAD ./Dc_Motor.o
LOAD ./Main_App.o
LOAD ./buzzer.o
LOAD ./external_eeprom.o
LOAD ./gpio.o
LOAD ./timer.o
LOAD ./twi.o
LOAD ./uart.o
LOAD c:/winavr-20100110/bin/../lib/gcc/avr/4.3.3/avr5\libgcc.a
LOAD c:/winavr-20100110/bin/../lib/gcc/avr/4.3.3/../../../../avr/lib/avr5\libc.a
LOAD c:/winavr-20100110/bin/../lib/gcc/avr/4.3.3/avr5\libgcc.a

.hash
 *(.hash)

.dynsym
 *(.dynsym)

.dynstr
 *(.dynstr)

.gnu.version
 *(.gnu.version)

.gnu.version_d
 *(.gnu.version_d)

.gnu.version_r
 *(.gnu.version_r)

.rel.init
 *(.rel.init)

.rela.init
 *(.rela.init)

.rel.text
 *(.rel.text)
 *(.rel.text.*)
 *(.rel.gnu.linkonce.t*)

.rela.text
 *(.rela.text)
 *(.rela.text.*)
 *(.rela.gnu.linkonce.t*)

.rel.fini
 *(.rel.fini)

.rela.fini
 *(.rela.fini)

.rel.rodata
 *(.rel.rodata)
 *(.rel.rodata.*)
 *(.rel.gnu.linkonce.r*)

.rela.rodata
 *(.rela.rodata)
 *(.rela.rodata.*)
 *(.rela.gnu.linkonce.r*)

.rel.data
 *(.rel.data)
 *(.rel.data.*)
 *(.rel.gnu.linkonce.d*)

.rela.data
 *(.rela.data)
 *(.rela.data.*)
 *(.rela.gnu.linkonce.d*)

.rel.ctors
 *(.rel.ctors)

.rela.ctors
 *(.rela.ctors)

.rel.dtors
 *(.rel.dtors)

.rela.dtors
 *(.rela.dtors)

.rel.got
 *(.rel.got)

.rela.got
 *(.rela.got)

.rel.bss
 *(.rel.bss)

.rela.bss
 *(.rela.bss)

.rel.plt
 *(.rel.plt)

.rela.plt
 *(.rela.plt)

.text           0x00000000     0x12a6
 *(.vectors)
 .vectors       0x00000000       0x54 c:/winavr-20100110/bin/../lib/gcc/avr/4.3.3/../../../../avr/lib/avr5/crtm16.o
                0x00000000                __vectors
                0x00000000                __vector_default
 *(.vectors)
 *(.progmem.gcc*)
 *(.progmem*)
                0x00000054                . = ALIGN (0x2)
                0x00000054                __trampolines_start = .
 *(.trampolines)
 .trampolines   0x00000054        0x0 linker stubs
 *(.trampolines*)
                0x00000054                __trampolines_end = .
 *(.jumptables)
 *(.jumptables*)
 *(.lowtext)
 *(.lowtext*)
                0x00000054                __ctors_start = .
 *(.ctors)
                0x00000054                __ctors_end = .
                0x00000054                __dtors_start = .
 *(.dtors)
                0x00000054                __dtors_end = .
 SORT(*)(.ctors)
 SORT(*)(.dtors)
 *(.init0)
 .init0         0x00000054        0x0 c:/winavr-20100110/bin/../lib/gcc/avr/4.3.3/../../../../avr/lib/avr5/crtm16.o
                0x00000054                __init
 *(.init0)
 *(.init1)
 *(.init1)
 *(.init2)
 .init2         0x00000054        0xc c:/winavr-20100110/bin/../lib/gcc/avr/4.3.3/../../../../avr/lib/avr5/crtm16.o
 *(.init2)
 *(.init3)
 *(.init3)
 *(.init4)
 .init4         0x00000060       0x16 c:/winavr-20100110/bin/../lib/gcc/avr/4.3.3/avr5\libgcc.a(_copy_data.o)
                0x00000060                __do_copy_data
 .init4         0x00000076       0x10 c:/winavr-20100110/bin/../lib/gcc/avr/4.3.3/avr5\libgcc.a(_clear_bss.o)
                0x00000076                __do_clear_bss
 *(.init4)
 *(.init5)
 *(.init5)
 *(.init6)
 *(.init6)
 *(.init7)
 *(.init7)
 *(.init8)
 *(.init8)
 *(.init9)
 .init9         0x00000086        0x8 c:/winavr-20100110/bin/../lib/gcc/avr/4.3.3/../../../../avr/lib/avr5/crtm16.o
 *(.init9)
 *(.text)
 .text          0x0000008e        0x4 c:/winavr-20100110/bin/../lib/gcc/avr/4.3.3/../../../../avr/lib/avr5/crtm16.o
                0x0000008e                __vector_1
                0x0000008e                __vector_12
                0x0000008e                __bad_interrupt
                0x0000008e                __vector_6
                0x0000008e                __vector_3
                0x0000008e                __vector_11
                0x0000008e                __vector_13
                0x0000008e                __vector_17
                0x0000008e                __vector_7
                0x0000008e                __vector_5
                0x0000008e                __vector_4
                0x0000008e                __vector_2
                0x0000008e                __vector_15
                0x0000008e                __vector_8
                0x0000008e                __vector_14
                0x0000008e                __vector_10
                0x0000008e                __vector_16
                0x0000008e                __vector_18
                0x0000008e                __vector_20
 .text          0x00000092        0x0 ./Dc_Motor.o
 .text          0x00000092        0x0 ./Main_App.o
 .text          0x00000092        0x0 ./buzzer.o
 .text          0x00000092        0x0 ./external_eeprom.o
 .text          0x00000092        0x0 ./gpio.o
 .text          0x00000092        0x0 ./timer.o
 .text          0x00000092        0x0 ./twi.o
 .text          0x00000092        0x0 ./uart.o
 .text          0x00000092        0x0 c:/winavr-20100110/bin/../lib/gcc/avr/4.3.3/avr5\libgcc.a(_udivmodsi4.o)
 .text          0x00000092        0x0 c:/winavr-20100110/bin/../lib/gcc/avr/4.3.3/avr5\libgcc.a(_exit.o)
 .text          0x00000092        0x0 c:/winavr-20100110/bin/../lib/gcc/avr/4.3.3/avr5\libgcc.a(_copy_data.o)
 .text          0x00000092        0x0 c:/winavr-20100110/bin/../lib/gcc/avr/4.3.3/avr5\libgcc.a(_clear_bss.o)
 .text          0x00000092        0x0 c:/winavr-20100110/bin/../lib/gcc/avr/4.3.3/../../../../avr/lib/avr5\libc.a(memcpy.o)
 .text          0x00000092        0x0 c:/winavr-20100110/bin/../lib/gcc/avr/4.3.3/../../../../avr/lib/avr5\libc.a(strcmp.o)
                0x00000092                . = ALIGN (0x2)
 *(.text.*)
 .text.DcMotor_Init
                0x00000092       0x36 ./Dc_Motor.o
                0x00000092                DcMotor_Init
 .text.DcMotor_Rotate
                0x000000c8       0x66 ./Dc_Motor.o
                0x000000c8                DcMotor_Rotate
 .text._TIMER0_CALLBACK
                0x0000012e       0x34 ./Main_App.o
                0x0000012e                _TIMER0_CALLBACK
 .text._delay_second
                0x00000162       0x90 ./Main_App.o
                0x00000162                _delay_second
 .text._delay_milli_second
                0x000001f2       0x9e ./Main_App.o
                0x000001f2                _delay_milli_second
 .text.TURN_ON_BUZZER
                0x00000290       0x1c ./Main_App.o
                0x00000290                TURN_ON_BUZZER
 .text.DOOR_OPERATION
                0x000002ac       0x38 ./Main_App.o
                0x000002ac                DOOR_OPERATION
 .text.STORE_PASSWORD
                0x000002e4       0x68 ./Main_App.o
                0x000002e4                STORE_PASSWORD
 .text.PASSWORD_CHANGE
                0x0000034c       0x20 ./Main_App.o
                0x0000034c                PASSWORD_CHANGE
 .text.GET_STORED_PASSWORD
                0x0000036c       0x60 ./Main_App.o
                0x0000036c                GET_STORED_PASSWORD
 .text.COMPARE_PASSWORD
                0x000003cc       0x62 ./Main_App.o
                0x000003cc                COMPARE_PASSWORD
 .text.main     0x0000042e       0xbe ./Main_App.o
                0x0000042e                main
 .text.BUZZER_init
                0x000004ec       0x18 ./buzzer.o
                0x000004ec                BUZZER_init
 .text.BUZZER_on
                0x00000504       0x18 ./buzzer.o
                0x00000504                BUZZER_on
 .text.BUZZER_off
                0x0000051c       0x18 ./buzzer.o
                0x0000051c                BUZZER_off
 .text.EEPROM_writeByte
                0x00000534       0x82 ./external_eeprom.o
                0x00000534                EEPROM_writeByte
 .text.EEPROM_readByte
                0x000005b6       0xc0 ./external_eeprom.o
                0x000005b6                EEPROM_readByte
 .text.GPIO_setupPinDirection
                0x00000676      0x1d6 ./gpio.o
                0x00000676                GPIO_setupPinDirection
 .text.GPIO_writePin
                0x0000084c      0x1d6 ./gpio.o
                0x0000084c                GPIO_writePin
 .text.GPIO_readPin
                0x00000a22      0x136 ./gpio.o
                0x00000a22                GPIO_readPin
 .text.GPIO_setupPortDirection
                0x00000b58       0x88 ./gpio.o
                0x00000b58                GPIO_setupPortDirection
 .text.GPIO_writePort
                0x00000be0       0x88 ./gpio.o
                0x00000be0                GPIO_writePort
 .text.GPIO_readPort
                0x00000c68       0x8a ./gpio.o
                0x00000c68                GPIO_readPort
 .text.__vector_9
                0x00000cf2       0x66 ./timer.o
                0x00000cf2                __vector_9
 .text.__vector_19
                0x00000d58       0x66 ./timer.o
                0x00000d58                __vector_19
 .text.Timer0_Init
                0x00000dbe       0xac ./timer.o
                0x00000dbe                Timer0_Init
 .text.Timer0_setCallBack
                0x00000e6a       0x24 ./timer.o
                0x00000e6a                Timer0_setCallBack
 .text.Timer_DeInit
                0x00000e8e       0x3e ./timer.o
                0x00000e8e                Timer_DeInit
 .text.TWI_init
                0x00000ecc       0x60 ./twi.o
                0x00000ecc                TWI_init
 .text.TWI_start
                0x00000f2c       0x20 ./twi.o
                0x00000f2c                TWI_start
 .text.TWI_stop
                0x00000f4c       0x16 ./twi.o
                0x00000f4c                TWI_stop
 .text.TWI_writeByte
                0x00000f62       0x2e ./twi.o
                0x00000f62                TWI_writeByte
 .text.TWI_readByteWithACK
                0x00000f90       0x26 ./twi.o
                0x00000f90                TWI_readByteWithACK
 .text.TWI_readByteWithNACK
                0x00000fb6       0x26 ./twi.o
                0x00000fb6                TWI_readByteWithNACK
 .text.TWI_getStatus
                0x00000fdc       0x1e ./twi.o
                0x00000fdc                TWI_getStatus
 .text.UART_init
                0x00000ffa      0x11c ./uart.o
                0x00000ffa                UART_init
 .text.UART_sendByte
                0x00001116       0x2e ./uart.o
                0x00001116                UART_sendByte
 .text.UART_recieveByte
                0x00001144       0x1e ./uart.o
                0x00001144                UART_recieveByte
 .text.UART_sendString
                0x00001162       0x52 ./uart.o
                0x00001162                UART_sendString
 .text.UART_receiveString
                0x000011b4       0x86 ./uart.o
                0x000011b4                UART_receiveString
 .text.libgcc   0x0000123a       0x44 c:/winavr-20100110/bin/../lib/gcc/avr/4.3.3/avr5\libgcc.a(_udivmodsi4.o)
                0x0000123a                __udivmodsi4
 .text.libgcc   0x0000127e        0x0 c:/winavr-20100110/bin/../lib/gcc/avr/4.3.3/avr5\libgcc.a(_exit.o)
 .text.libgcc   0x0000127e        0x0 c:/winavr-20100110/bin/../lib/gcc/avr/4.3.3/avr5\libgcc.a(_copy_data.o)
 .text.libgcc   0x0000127e        0x0 c:/winavr-20100110/bin/../lib/gcc/avr/4.3.3/avr5\libgcc.a(_clear_bss.o)
 .text.avr-libc
                0x0000127e       0x12 c:/winavr-20100110/bin/../lib/gcc/avr/4.3.3/../../../../avr/lib/avr5\libc.a(memcpy.o)
                0x0000127e                memcpy
 .text.avr-libc
                0x00001290       0x12 c:/winavr-20100110/bin/../lib/gcc/avr/4.3.3/../../../../avr/lib/avr5\libc.a(strcmp.o)
                0x00001290                strcmp
                0x000012a2                . = ALIGN (0x2)
 *(.fini9)
 .fini9         0x000012a2        0x0 c:/winavr-20100110/bin/../lib/gcc/avr/4.3.3/avr5\libgcc.a(_exit.o)
                0x000012a2                exit
                0x000012a2                _exit
 *(.fini9)
 *(.fini8)
 *(.fini8)
 *(.fini7)
 *(.fini7)
 *(.fini6)
 *(.fini6)
 *(.fini5)
 *(.fini5)
 *(.fini4)
 *(.fini4)
 *(.fini3)
 *(.fini3)
 *(.fini2)
 *(.fini2)
 *(.fini1)
 *(.fini1)
 *(.fini0)
 .fini0         0x000012a2        0x4 c:/winavr-20100110/bin/../lib/gcc/avr/4.3.3/avr5\libgcc.a(_exit.o)
 *(.fini0)
                0x000012a6                _etext = .

.data           0x00800060        0x2 load address 0x000012a6
                0x00800060                PROVIDE (__data_start, .)
 *(.data)
 .data          0x00800060        0x0 c:/winavr-20100110/bin/../lib/gcc/avr/4.3.3/../../../../avr/lib/avr5/crtm16.o
 .data          0x00800060        0x0 ./Dc_Motor.o
 .data          0x00800060        0x2 ./Main_App.o
 .data          0x00800062        0x0 ./buzzer.o
 .data          0x00800062        0x0 ./external_eeprom.o
 .data          0x00800062        0x0 ./gpio.o
 .data          0x00800062        0x0 ./timer.o
 .data          0x00800062        0x0 ./twi.o
 .data          0x00800062        0x0 ./uart.o
 .data          0x00800062        0x0 c:/winavr-20100110/bin/../lib/gcc/avr/4.3.3/avr5\libgcc.a(_udivmodsi4.o)
 .data          0x00800062        0x0 c:/winavr-20100110/bin/../lib/gcc/avr/4.3.3/avr5\libgcc.a(_exit.o)
 .data          0x00800062        0x0 c:/winavr-20100110/bin/../lib/gcc/avr/4.3.3/avr5\libgcc.a(_copy_data.o)
 .data          0x00800062        0x0 c:/winavr-20100110/bin/../lib/gcc/avr/4.3.3/avr5\libgcc.a(_clear_bss.o)
 .data          0x00800062        0x0 c:/winavr-20100110/bin/../lib/gcc/avr/4.3.3/../../../../avr/lib/avr5\libc.a(memcpy.o)
 .data          0x00800062        0x0 c:/winavr-20100110/bin/../lib/gcc/avr/4.3.3/../../../../avr/lib/avr5\libc.a(strcmp.o)
 *(.data*)
 *(.rodata)
 *(.rodata*)
 *(.gnu.linkonce.d*)
                0x00800062                . = ALIGN (0x2)
                0x00800062                _edata = .
                0x00800062                PROVIDE (__data_end, .)

.bss            0x00800062       0x2a
                0x00800062                PROVIDE (__bss_start, .)
 *(.bss)
 .bss           0x00800062        0x0 c:/winavr-20100110/bin/../lib/gcc/avr/4.3.3/../../../../avr/lib/avr5/crtm16.o
 .bss           0x00800062        0x0 ./Dc_Motor.o
 .bss           0x00800062        0x0 ./Main_App.o
 .bss           0x00800062        0x0 ./buzzer.o
 .bss           0x00800062        0x0 ./external_eeprom.o
 .bss           0x00800062        0x0 ./gpio.o
 .bss           0x00800062        0x0 ./timer.o
 .bss           0x00800062        0x0 ./twi.o
 .bss           0x00800062        0x0 ./uart.o
 .bss           0x00800062        0x0 c:/winavr-20100110/bin/../lib/gcc/avr/4.3.3/avr5\libgcc.a(_udivmodsi4.o)
 .bss           0x00800062        0x0 c:/winavr-20100110/bin/../lib/gcc/avr/4.3.3/avr5\libgcc.a(_exit.o)
 .bss           0x00800062        0x0 c:/winavr-20100110/bin/../lib/gcc/avr/4.3.3/avr5\libgcc.a(_copy_data.o)
 .bss           0x00800062        0x0 c:/winavr-20100110/bin/../lib/gcc/avr/4.3.3/avr5\libgcc.a(_clear_bss.o)
 .bss           0x00800062        0x0 c:/winavr-20100110/bin/../lib/gcc/avr/4.3.3/../../../../avr/lib/avr5\libc.a(memcpy.o)
 .bss           0x00800062        0x0 c:/winavr-20100110/bin/../lib/gcc/avr/4.3.3/../../../../avr/lib/avr5\libc.a(strcmp.o)
 *(.bss*)
 .bss.g_tick    0x00800062        0x4 ./Main_App.o
                0x00800062                g_tick
 .bss.error_check
                0x00800066        0x1 ./Main_App.o
                0x00800066                error_check
 .bss.g_callBackPtr
                0x00800067        0x2 ./timer.o
 *(COMMON)
 COMMON         0x00800069       0x14 ./Main_App.o
                0x00800069                password_real
                0x00800073                password_received
 COMMON         0x0080007d        0x6 ./timer.o
                0x0080007d                TIMER0_config
 COMMON         0x00800083        0x2 ./twi.o
                0x00800083                TWI_config
 COMMON         0x00800085        0x7 ./uart.o
                0x00800085                UART_config
                0x0080008c                PROVIDE (__bss_end, .)
                0x000012a6                __data_load_start = LOADADDR (.data)
                0x000012a8                __data_load_end = (__data_load_start + SIZEOF (.data))

.noinit         0x0080008c        0x0
                0x0080008c                PROVIDE (__noinit_start, .)
 *(.noinit*)
                0x0080008c                PROVIDE (__noinit_end, .)
                0x0080008c                _end = .
                0x0080008c                PROVIDE (__heap_start, .)

.eeprom         0x00810000        0x0
 *(.eeprom*)
                0x00810000                __eeprom_end = .

.fuse
 *(.fuse)
 *(.lfuse)
 *(.hfuse)
 *(.efuse)

.lock
 *(.lock*)

.signature
 *(.signature*)

.stab           0x00000000     0x2178
 *(.stab)
 .stab          0x00000000      0x2e8 ./Dc_Motor.o
 .stab          0x000002e8      0x834 ./Main_App.o
                                0x8f4 (size before relaxing)
 .stab          0x00000b1c      0x180 ./buzzer.o
                                0x258 (size before relaxing)
 .stab          0x00000c9c      0x30c ./external_eeprom.o
                                0x3e4 (size before relaxing)
 .stab          0x00000fa8      0x798 ./gpio.o
                                0x870 (size before relaxing)
 .stab          0x00001740      0x300 ./timer.o
                                0x594 (size before relaxing)
 .stab          0x00001a40      0x378 ./twi.o
                                0x5f4 (size before relaxing)
 .stab          0x00001db8      0x3c0 ./uart.o
                                0x66c (size before relaxing)

.stabstr        0x00000000     0x129a
 *(.stabstr)
 .stabstr       0x00000000     0x129a ./Dc_Motor.o

.stab.excl
 *(.stab.excl)

.stab.exclstr
 *(.stab.exclstr)

.stab.index
 *(.stab.index)

.stab.indexstr
 *(.stab.indexstr)

.comment
 *(.comment)

.debug
 *(.debug)

.line
 *(.line)

.debug_srcinfo
 *(.debug_srcinfo)

.debug_sfnames
 *(.debug_sfnames)

.debug_aranges
 *(.debug_aranges)

.debug_pubnames
 *(.debug_pubnames)

.debug_info
 *(.debug_info)
 *(.gnu.linkonce.wi.*)

.debug_abbrev
 *(.debug_abbrev)

.debug_line
 *(.debug_line)

.debug_frame
 *(.debug_frame)

.debug_str
 *(.debug_str)

.debug_loc
 *(.debug_loc)

.debug_macinfo
 *(.debug_macinfo)
OUTPUT(main_program_2.elf elf32-avr)
LOAD linker stubs
